                     
------ NEW MONITORING REPORT -------
====== SERVER MONITORING TOOL(Wed May 27 15:54:13 UTC 2026) =====
DESKTOP-HUTUM28:
CPU Usage is 0%
Memory Usage is 12%
disk Usage is 1%
High_cpu_consumption is from root
High_memory_consumption is from root
                     
------ NEW MONITORING REPORT -------
====== SERVER MONITORING TOOL(Wed May 27 15:54:26 UTC 2026) =====
DESKTOP-HUTUM28:
CPU Usage is 0%
Memory Usage is 12%
disk Usage is 1%
High_cpu_consumption is from root
High_memory_consumption is from root
                     
------ NEW MONITORING REPORT -------
====== SERVER MONITORING TOOL(Wed May 27 15:59:14 UTC 2026) =====
DESKTOP-HUTUM28:
CPU Usage is 27%
Memory Usage is 12%
disk Usage is 1%
High_cpu_consumption is from mithuna
High_memory_consumption is from root
                     
------ NEW MONITORING REPORT -------
====== SERVER MONITORING TOOL(Wed May 27 15:59:26 UTC 2026) =====
DESKTOP-HUTUM28:
CPU Usage is 28%
Memory Usage is 12%
disk Usage is 1%
High_cpu_consumption is from mithuna
High_memory_consumption is from root
                     
------ NEW MONITORING REPORT -------
====== SERVER MONITORING TOOL(Wed May 27 15:59:34 UTC 2026) =====
DESKTOP-HUTUM28:
CPU Usage is 27%
Memory Usage is 12%
disk Usage is 1%
High_cpu_consumption is from mithuna
High_memory_consumption is from root
                     
------ NEW MONITORING REPORT -------
====== SERVER MONITORING TOOL(Wed May 27 15:59:59 UTC 2026) =====
DESKTOP-HUTUM28:
CPU Usage is 24%
Memory Usage is 12%
disk Usage is 1%
High_cpu_consumption is from mithuna
High_memory_consumption is from root
                     
------ NEW MONITORING REPORT -------
====== SERVER MONITORING TOOL(Wed May 27 16:02:13 UTC 2026) =====
DESKTOP-HUTUM28:
CPU Usage is 100%
Memory Usage is 13%
disk Usage is 1%
High_cpu_consumption is from mithuna
High_memory_consumption is from root
                     
------ NEW MONITORING REPORT -------
====== SERVER MONITORING TOOL(Wed May 27 16:03:49 UTC 2026) =====
DESKTOP-HUTUM28:
CPU Usage is 0%
Memory Usage is 12%
disk Usage is 1%
High_cpu_consumption is from root
High_memory_consumption is from root
